// Jest Snapshot v1, https://goo.gl/fbAQLP

exports[`test snapshot of <App /> componenet 1`] = `
Array [
  <h1>
    calculator
  </h1>,
  <p>
    
  </p>,
  <p
    className="result"
  >
    0
  </p>,
  <li
    className="list-style-none"
  >
    <button
      className="number"
      onClick={[Function]}
      type="button"
    >
      1
    </button>
    <button
      className="number"
      onClick={[Function]}
      type="button"
    >
      2
    </button>
    <button
      className="number"
      onClick={[Function]}
      type="button"
    >
      3
    </button>
    <button
      className="clear"
      onClick={[Function]}
      type="button"
    >
      C
    </button>
  </li>,
  <li
    className="list-style-none"
  >
    <button
      className="number"
      onClick={[Function]}
      type="button"
    >
      4
    </button>
    <button
      className="number"
      onClick={[Function]}
      type="button"
    >
      5
    </button>
    <button
      className="number"
      onClick={[Function]}
      type="button"
    >
      6
    </button>
    <button
      className="operation"
      onClick={[Function]}
      type="button"
    >
      +
    </button>
  </li>,
  <li
    className="list-style-none"
  >
    <button
      className="number"
      onClick={[Function]}
      type="button"
    >
      7
    </button>
    <button
      className="number"
      onClick={[Function]}
      type="button"
    >
      8
    </button>
    <button
      className="number"
      onClick={[Function]}
      type="button"
    >
      9
    </button>
    <button
      className="operation"
      onClick={[Function]}
      type="button"
    >
      -
    </button>
  </li>,
  <li
    className="list-style-none"
  >
    <button
      className="number"
      onClick={[Function]}
      type="button"
    >
      .
    </button>
    <button
      className="number"
      onClick={[Function]}
      type="button"
    >
      0
    </button>
    <button
      className="operation"
      onClick={[Function]}
      type="button"
    >
      /
    </button>
    <button
      className="operation"
      onClick={[Function]}
      type="button"
    >
      *
    </button>
  </li>,
  <li
    className="list-style-none"
  >
    <button
      className="equalTo"
      id="equalTo"
      onClick={[Function]}
      type="button"
    >
      =
    </button>
  </li>,
]
`;
